// Jest Snapshot v1, https://goo.gl/fbAQLP

exports[`Component should show 'red' text 'Hello World' 1`] = `
<div
  className="sc-bdfBwQ fjuHEr"
  direction="normal"
  name="bounceOut"
  opacity={1}
>
  Hello World
</div>
`;
